#-----------------------------------------------------------
# Vivado v2018.3 (64-bit)
# SW Build 2405991 on Thu Dec  6 23:38:27 MST 2018
# IP Build 2404404 on Fri Dec  7 01:43:56 MST 2018
# Start of session at: Mon Dec 13 19:25:40 2021
# Process ID: 5136
# Current directory: D:/calculator_hex
# Command line: vivado.exe -gui_launcher_event rodinguilauncherevent7064 D:\calculator_hex\calculator_hex.xpr
# Log file: D:/calculator_hex/vivado.log
# Journal file: D:/calculator_hex\vivado.jou
#-----------------------------------------------------------
start_gui
open_project D:/calculator_hex/calculator_hex.xpr
update_compile_order -fileset sources_1
launch_simulation
launch_simulation
source testbench.tcl
run 10 ms
relaunch_sim
run 10 ms
close_sim
launch_simulation
source testbench.tcl
run 10 ms
close_sim
launch_simulation
source testbench.tcl
run 10 ms
close_sim
launch_simulation
source testbench.tcl
run 10 ms
run 10 ms
close_sim
launch_simulation
source testbench.tcl
run 10 ms
relaunch_sim
run 10 ms
relaunch_sim
run 10 ms
close_sim
launch_simulation
source testbench.tcl
run 10 ms
relaunch_sim
run 10 ms
run 10 ms
close_sim
launch_simulation
source testbench.tcl
relaunch_sim
run 10 ms
close_sim
