#-----------------------------------------------------------
# Vivado v2018.3 (64-bit)
# SW Build 2405991 on Thu Dec  6 23:38:27 MST 2018
# IP Build 2404404 on Fri Dec  7 01:43:56 MST 2018
# Start of session at: Mon Nov  1 11:29:47 2021
# Process ID: 10756
# Current directory: D:/decoder_38
# Command line: vivado.exe -gui_launcher_event rodinguilauncherevent8152 D:\decoder_38\decoder_38.xpr
# Log file: D:/decoder_38/vivado.log
# Journal file: D:/decoder_38\vivado.jou
#-----------------------------------------------------------
start_gui
open_project D:/decoder_38/decoder_38.xpr
update_compile_order -fileset sources_1
launch_simulation
source testbench.tcl
close_sim
launch_simulation
source testbench.tcl
file mkdir D:/decoder_38/decoder_38.srcs/constrs_1
add_files -fileset constrs_1 -norecurse {D:/decoder_38/clock.xdc D:/decoder_38/pin.xdc}
launch_runs synth_1 -jobs 6
wait_on_run synth_1
reset_run synth_1
launch_runs synth_1 -jobs 6
wait_on_run synth_1
reset_run synth_1
launch_runs synth_1 -jobs 6
wait_on_run synth_1
reset_run synth_1
launch_runs synth_1 -jobs 6
wait_on_run synth_1
save_wave_config {D:/decoder_38/testbench_behav.wcfg}
add_files -fileset sim_1 -norecurse D:/decoder_38/testbench_behav.wcfg
set_property xsim.view D:/decoder_38/testbench_behav.wcfg [get_filesets sim_1]
close_sim
